// Jest Snapshot v1, https://goo.gl/fbAQLP

exports[`Places renders properly 1`] = `<input type="search" class="ap-input" autocomplete="off" spellcheck="false" role="combobox" aria-autocomplete="both" aria-expanded="false" aria-owns="algolia-places-listbox-1" style="vertical-align: top;" dir="auto">`;
